  Determining projects to restore...
  All projects are up-to-date for restore.
  Finova.Core -> C:\Users\flori\source\repos\Finova\Finova Nuget\src\Finova.Core\bin\Debug\net10.0\Finova.Core.dll
  Finova.Core -> C:\Users\flori\source\repos\Finova\Finova Nuget\src\Finova.Core\bin\Debug\net8.0\Finova.Core.dll
C:\Users\flori\source\repos\Finova\Finova Nuget\src\Finova\Countries\Europe\Finland\Services\FinlandPaymentReferenceService.cs(28,57): error CS0115: 'FinlandPaymentReferenceService.Validate(string)': no suitable method found to override [C:\Users\flori\source\repos\Finova\Finova Nuget\src\Finova\Finova.csproj::TargetFramework=net10.0]
C:\Users\flori\source\repos\Finova\Finova Nuget\src\Finova\Countries\Europe\Norway\Services\NorwayPaymentReferenceService.cs(34,57): error CS0115: 'NorwayPaymentReferenceService.Validate(string)': no suitable method found to override [C:\Users\flori\source\repos\Finova\Finova Nuget\src\Finova\Finova.csproj::TargetFramework=net10.0]
C:\Users\flori\source\repos\Finova\Finova Nuget\src\Finova\Countries\Europe\Sweden\Services\SwedenPaymentReferenceService.cs(34,57): error CS0115: 'SwedenPaymentReferenceService.Validate(string)': no suitable method found to override [C:\Users\flori\source\repos\Finova\Finova Nuget\src\Finova\Finova.csproj::TargetFramework=net10.0]
C:\Users\flori\source\repos\Finova\Finova Nuget\src\Finova\Countries\Europe\Slovenia\Services\SloveniaPaymentReferenceService.cs(34,57): error CS0115: 'SloveniaPaymentReferenceService.Validate(string)': no suitable method found to override [C:\Users\flori\source\repos\Finova\Finova Nuget\src\Finova\Finova.csproj::TargetFramework=net10.0]
C:\Users\flori\source\repos\Finova\Finova Nuget\src\Finova\Countries\Europe\Switzerland\Services\SwitzerlandPaymentReferenceService.cs(33,57): error CS0115: 'SwitzerlandPaymentReferenceService.Validate(string)': no suitable method found to override [C:\Users\flori\source\repos\Finova\Finova Nuget\src\Finova\Finova.csproj::TargetFramework=net10.0]
C:\Users\flori\source\repos\Finova\Finova Nuget\src\Finova\Countries\Europe\Norway\Services\NorwayPaymentReferenceService.cs(34,57): error CS0115: 'NorwayPaymentReferenceService.Validate(string)': no suitable method found to override [C:\Users\flori\source\repos\Finova\Finova Nuget\src\Finova\Finova.csproj::TargetFramework=net8.0]
C:\Users\flori\source\repos\Finova\Finova Nuget\src\Finova\Countries\Europe\Finland\Services\FinlandPaymentReferenceService.cs(28,57): error CS0115: 'FinlandPaymentReferenceService.Validate(string)': no suitable method found to override [C:\Users\flori\source\repos\Finova\Finova Nuget\src\Finova\Finova.csproj::TargetFramework=net8.0]
C:\Users\flori\source\repos\Finova\Finova Nuget\src\Finova\Countries\Europe\Slovenia\Services\SloveniaPaymentReferenceService.cs(34,57): error CS0115: 'SloveniaPaymentReferenceService.Validate(string)': no suitable method found to override [C:\Users\flori\source\repos\Finova\Finova Nuget\src\Finova\Finova.csproj::TargetFramework=net8.0]
C:\Users\flori\source\repos\Finova\Finova Nuget\src\Finova\Countries\Europe\Sweden\Services\SwedenPaymentReferenceService.cs(34,57): error CS0115: 'SwedenPaymentReferenceService.Validate(string)': no suitable method found to override [C:\Users\flori\source\repos\Finova\Finova Nuget\src\Finova\Finova.csproj::TargetFramework=net8.0]
C:\Users\flori\source\repos\Finova\Finova Nuget\src\Finova\Countries\Europe\Switzerland\Services\SwitzerlandPaymentReferenceService.cs(33,57): error CS0115: 'SwitzerlandPaymentReferenceService.Validate(string)': no suitable method found to override [C:\Users\flori\source\repos\Finova\Finova Nuget\src\Finova\Finova.csproj::TargetFramework=net8.0]

Build FAILED.

C:\Users\flori\source\repos\Finova\Finova Nuget\src\Finova\Countries\Europe\Finland\Services\FinlandPaymentReferenceService.cs(28,57): error CS0115: 'FinlandPaymentReferenceService.Validate(string)': no suitable method found to override [C:\Users\flori\source\repos\Finova\Finova Nuget\src\Finova\Finova.csproj::TargetFramework=net10.0]
C:\Users\flori\source\repos\Finova\Finova Nuget\src\Finova\Countries\Europe\Norway\Services\NorwayPaymentReferenceService.cs(34,57): error CS0115: 'NorwayPaymentReferenceService.Validate(string)': no suitable method found to override [C:\Users\flori\source\repos\Finova\Finova Nuget\src\Finova\Finova.csproj::TargetFramework=net10.0]
C:\Users\flori\source\repos\Finova\Finova Nuget\src\Finova\Countries\Europe\Sweden\Services\SwedenPaymentReferenceService.cs(34,57): error CS0115: 'SwedenPaymentReferenceService.Validate(string)': no suitable method found to override [C:\Users\flori\source\repos\Finova\Finova Nuget\src\Finova\Finova.csproj::TargetFramework=net10.0]
C:\Users\flori\source\repos\Finova\Finova Nuget\src\Finova\Countries\Europe\Slovenia\Services\SloveniaPaymentReferenceService.cs(34,57): error CS0115: 'SloveniaPaymentReferenceService.Validate(string)': no suitable method found to override [C:\Users\flori\source\repos\Finova\Finova Nuget\src\Finova\Finova.csproj::TargetFramework=net10.0]
C:\Users\flori\source\repos\Finova\Finova Nuget\src\Finova\Countries\Europe\Switzerland\Services\SwitzerlandPaymentReferenceService.cs(33,57): error CS0115: 'SwitzerlandPaymentReferenceService.Validate(string)': no suitable method found to override [C:\Users\flori\source\repos\Finova\Finova Nuget\src\Finova\Finova.csproj::TargetFramework=net10.0]
C:\Users\flori\source\repos\Finova\Finova Nuget\src\Finova\Countries\Europe\Norway\Services\NorwayPaymentReferenceService.cs(34,57): error CS0115: 'NorwayPaymentReferenceService.Validate(string)': no suitable method found to override [C:\Users\flori\source\repos\Finova\Finova Nuget\src\Finova\Finova.csproj::TargetFramework=net8.0]
C:\Users\flori\source\repos\Finova\Finova Nuget\src\Finova\Countries\Europe\Finland\Services\FinlandPaymentReferenceService.cs(28,57): error CS0115: 'FinlandPaymentReferenceService.Validate(string)': no suitable method found to override [C:\Users\flori\source\repos\Finova\Finova Nuget\src\Finova\Finova.csproj::TargetFramework=net8.0]
C:\Users\flori\source\repos\Finova\Finova Nuget\src\Finova\Countries\Europe\Slovenia\Services\SloveniaPaymentReferenceService.cs(34,57): error CS0115: 'SloveniaPaymentReferenceService.Validate(string)': no suitable method found to override [C:\Users\flori\source\repos\Finova\Finova Nuget\src\Finova\Finova.csproj::TargetFramework=net8.0]
C:\Users\flori\source\repos\Finova\Finova Nuget\src\Finova\Countries\Europe\Sweden\Services\SwedenPaymentReferenceService.cs(34,57): error CS0115: 'SwedenPaymentReferenceService.Validate(string)': no suitable method found to override [C:\Users\flori\source\repos\Finova\Finova Nuget\src\Finova\Finova.csproj::TargetFramework=net8.0]
C:\Users\flori\source\repos\Finova\Finova Nuget\src\Finova\Countries\Europe\Switzerland\Services\SwitzerlandPaymentReferenceService.cs(33,57): error CS0115: 'SwitzerlandPaymentReferenceService.Validate(string)': no suitable method found to override [C:\Users\flori\source\repos\Finova\Finova Nuget\src\Finova\Finova.csproj::TargetFramework=net8.0]
    0 Warning(s)
    10 Error(s)

Time Elapsed 00:00:07.47
